#-----------------------------------------------------------
# Webtalk v2019.2 (64-bit)
# SW Build 2708876 on Wed Nov  6 21:40:23 MST 2019
# IP Build 2700528 on Thu Nov  7 00:09:20 MST 2019
# Start of session at: Thu Jun 22 12:18:13 2023
# Process ID: 8096
# Current directory: C:/Users/CJ/Desktop/advanced-computer-organization/MP 1/MachineProblem1_Barimbao/project_1.sim/sim_1/behav/xsim
# Command line: wbtcv.exe -mode batch -source C:/Users/CJ/Desktop/advanced-computer-organization/MP 1/MachineProblem1_Barimbao/project_1.sim/sim_1/behav/xsim/xsim.dir/tb_processor_behav/webtalk/xsim_webtalk.tcl -notrace
# Log file: C:/Users/CJ/Desktop/advanced-computer-organization/MP 1/MachineProblem1_Barimbao/project_1.sim/sim_1/behav/xsim/webtalk.log
# Journal file: C:/Users/CJ/Desktop/advanced-computer-organization/MP 1/MachineProblem1_Barimbao/project_1.sim/sim_1/behav/xsim\webtalk.jou
#-----------------------------------------------------------
source C:/Users/CJ/Desktop/advanced-computer-organization/MP -notrace
